
> fde-page-watcher@0.1.0 dev
> next dev

▲ Next.js 16.2.10 (Turbopack)
- Local:         http://localhost:3000
- Network:       http://192.168.86.32:3000
✓ Ready in 506ms

 GET / 307 in 1328ms (next.js: 1208ms, application-code: 120ms)
 GET / 307 in 49ms (next.js: 2ms, application-code: 47ms)
 GET / 307 in 134ms (next.js: 2ms, application-code: 132ms)
 GET /dashboard 200 in 349ms (next.js: 21ms, application-code: 327ms)
 GET /pages 200 in 25ms (next.js: 11ms, application-code: 15ms)
 GET /pages/pricing 200 in 372ms (next.js: 356ms, application-code: 16ms)
✓ Compiled in 225ms
 GET /pages/pricing 200 in 439ms (next.js: 174ms, application-code: 265ms)
 GET /pages/pricing 200 in 211ms (next.js: 3ms, application-code: 208ms)
 GET /pages/pricing 200 in 205ms (next.js: 25ms, application-code: 180ms)
 GET /pages/pricing 200 in 183ms (next.js: 25ms, application-code: 157ms)
 GET /pages/pricing 200 in 184ms (next.js: 28ms, application-code: 156ms)
 GET /pages/pricing 200 in 224ms (next.js: 15ms, application-code: 209ms)
 GET /pages/pricing 200 in 213ms (next.js: 17ms, application-code: 196ms)
 GET /pages/pricing 200 in 221ms (next.js: 28ms, application-code: 193ms)
 GET /pages/pricing 200 in 208ms (next.js: 9ms, application-code: 199ms)
 GET /pages/pricing 200 in 196ms (next.js: 2ms, application-code: 194ms)
 GET /pages/pricing 200 in 188ms (next.js: 2ms, application-code: 186ms)
 GET /pages/pricing 200 in 184ms (next.js: 1824µs, application-code: 182ms)
 GET /pages/pricing 200 in 197ms (next.js: 2ms, application-code: 195ms)
 GET /pages/pricing 200 in 186ms (next.js: 5ms, application-code: 182ms)
 GET /pages/pricing 200 in 203ms (next.js: 8ms, application-code: 195ms)
 GET /pages/pricing 200 in 211ms (next.js: 14ms, application-code: 197ms)
 GET /pages/pricing 200 in 187ms (next.js: 9ms, application-code: 178ms)
 GET /pages/pricing 200 in 195ms (next.js: 10ms, application-code: 186ms)
 GET /pages/pricing 200 in 187ms (next.js: 5ms, application-code: 182ms)
 GET /pages/pricing 200 in 171ms (next.js: 9ms, application-code: 162ms)
 GET /pages/pricing 200 in 180ms (next.js: 7ms, application-code: 172ms)
 GET /pages/pricing 200 in 194ms (next.js: 15ms, application-code: 179ms)
 GET /pages/pricing 200 in 206ms (next.js: 8ms, application-code: 199ms)
 GET /pages/pricing 200 in 216ms (next.js: 9ms, application-code: 206ms)
 GET /pages/pricing 200 in 211ms (next.js: 16ms, application-code: 195ms)
 GET /pages/pricing 200 in 201ms (next.js: 9ms, application-code: 192ms)
 GET /pages/pricing 200 in 194ms (next.js: 5ms, application-code: 190ms)
 GET /pages/pricing 200 in 174ms (next.js: 2ms, application-code: 172ms)
 GET /pages/pricing 200 in 168ms (next.js: 9ms, application-code: 159ms)
 GET /pages/pricing 200 in 176ms (next.js: 8ms, application-code: 168ms)
 GET /pages/pricing 200 in 172ms (next.js: 3ms, application-code: 169ms)
 GET /pages/pricing 200 in 167ms (next.js: 7ms, application-code: 160ms)
 GET /pages/pricing 200 in 190ms (next.js: 13ms, application-code: 177ms)
 GET /pages/pricing 200 in 199ms (next.js: 2ms, application-code: 197ms)
 GET /pages/pricing 200 in 209ms (next.js: 9ms, application-code: 200ms)
 GET /pages/pricing 200 in 195ms (next.js: 9ms, application-code: 185ms)
 GET /pages/pricing 200 in 190ms (next.js: 16ms, application-code: 174ms)
 GET /pages/pricing 200 in 178ms (next.js: 22ms, application-code: 156ms)
 GET /pages/pricing 200 in 220ms (next.js: 8ms, application-code: 212ms)
 GET /pages/pricing 200 in 204ms (next.js: 2ms, application-code: 201ms)
 GET /pages/pricing 200 in 226ms (next.js: 7ms, application-code: 219ms)
 GET /pages/pricing 200 in 224ms (next.js: 10ms, application-code: 214ms)
 GET /pages/pricing 200 in 185ms (next.js: 1608µs, application-code: 183ms)
 GET /pages/pricing 200 in 194ms (next.js: 1782µs, application-code: 192ms)
 GET /pages/pricing 200 in 188ms (next.js: 2ms, application-code: 185ms)
 GET /pages/pricing 200 in 173ms (next.js: 9ms, application-code: 164ms)
 GET /pages/pricing 200 in 194ms (next.js: 8ms, application-code: 185ms)
 GET /pages/pricing 200 in 182ms (next.js: 5ms, application-code: 177ms)
 GET /pages/pricing 200 in 176ms (next.js: 2ms, application-code: 173ms)
 GET /pages/pricing 200 in 168ms (next.js: 9ms, application-code: 159ms)
 GET /pages/pricing 200 in 179ms (next.js: 7ms, application-code: 172ms)
 GET /pages/pricing 200 in 187ms (next.js: 9ms, application-code: 178ms)
 GET /pages/pricing 200 in 187ms (next.js: 8ms, application-code: 179ms)
 GET /pages/pricing 200 in 201ms (next.js: 12ms, application-code: 189ms)
 GET /pages/pricing 200 in 193ms (next.js: 13ms, application-code: 180ms)
 GET /pages/pricing 200 in 183ms (next.js: 15ms, application-code: 168ms)
 GET /pages/pricing 200 in 175ms (next.js: 19ms, application-code: 156ms)
 GET /pages/pricing 200 in 166ms (next.js: 15ms, application-code: 151ms)
 GET /pages/pricing 200 in 165ms (next.js: 15ms, application-code: 150ms)
 GET /pages/pricing 200 in 170ms (next.js: 13ms, application-code: 157ms)
 GET /pages/pricing 200 in 175ms (next.js: 8ms, application-code: 167ms)
 GET /pages/pricing 200 in 180ms (next.js: 8ms, application-code: 173ms)
 GET /pages/pricing 200 in 194ms (next.js: 8ms, application-code: 186ms)
 GET /pages/pricing 200 in 190ms (next.js: 9ms, application-code: 181ms)
 GET /pages/pricing 200 in 184ms (next.js: 14ms, application-code: 170ms)
 GET /pages/pricing 200 in 175ms (next.js: 1743µs, application-code: 173ms)
 GET /pages/pricing 200 in 156ms (next.js: 1920µs, application-code: 154ms)
 GET /pages/pricing 200 in 184ms (next.js: 2ms, application-code: 182ms)
 GET /pages/pricing 200 in 168ms (next.js: 2ms, application-code: 166ms)
 GET /pages/pricing 200 in 175ms (next.js: 10ms, application-code: 166ms)
 GET /pages/pricing 200 in 160ms (next.js: 7ms, application-code: 153ms)
 GET /pages/pricing 200 in 181ms (next.js: 7ms, application-code: 174ms)
 GET /pages/pricing 200 in 178ms (next.js: 5ms, application-code: 173ms)
 GET /pages/pricing 200 in 187ms (next.js: 7ms, application-code: 179ms)
 GET /pages/pricing 200 in 236ms (next.js: 15ms, application-code: 221ms)
 GET /pages/pricing 200 in 238ms (next.js: 9ms, application-code: 229ms)
 GET /pages/pricing 200 in 236ms (next.js: 8ms, application-code: 228ms)
 GET /pages/pricing 200 in 214ms (next.js: 14ms, application-code: 201ms)
 GET /pages/pricing 200 in 167ms (next.js: 8ms, application-code: 159ms)
 GET /pages/pricing 200 in 172ms (next.js: 7ms, application-code: 165ms)
 GET /pages/pricing 200 in 172ms (next.js: 9ms, application-code: 163ms)
 GET /pages/pricing 200 in 196ms (next.js: 7ms, application-code: 189ms)
 GET /pages/pricing 200 in 191ms (next.js: 22ms, application-code: 169ms)
 GET /pages/pricing 200 in 207ms (next.js: 13ms, application-code: 193ms)
 GET /pages/pricing 200 in 193ms (next.js: 11ms, application-code: 181ms)
 GET /pages/pricing 200 in 160ms (next.js: 7ms, application-code: 152ms)
 GET /pages/pricing 200 in 174ms (next.js: 15ms, application-code: 159ms)
 GET /pages/pricing 200 in 171ms (next.js: 1600µs, application-code: 169ms)
 GET /pages/pricing 200 in 174ms (next.js: 8ms, application-code: 166ms)
 GET /pages/pricing 200 in 177ms (next.js: 7ms, application-code: 170ms)
 GET /pages/pricing 200 in 183ms (next.js: 9ms, application-code: 174ms)
 GET /pages/pricing 200 in 183ms (next.js: 8ms, application-code: 175ms)
 GET /pages/pricing 200 in 179ms (next.js: 9ms, application-code: 170ms)
 GET /pages/pricing 200 in 180ms (next.js: 15ms, application-code: 165ms)
 GET /pages/pricing 200 in 183ms (next.js: 17ms, application-code: 166ms)
 GET /pages/pricing 200 in 181ms (next.js: 14ms, application-code: 167ms)
 GET /pages/pricing 200 in 167ms (next.js: 16ms, application-code: 152ms)
 GET /pages/pricing 200 in 181ms (next.js: 15ms, application-code: 166ms)
 GET /pages/pricing 200 in 168ms (next.js: 3ms, application-code: 165ms)
 GET /pages/pricing 200 in 187ms (next.js: 8ms, application-code: 178ms)
 GET /pages/pricing 200 in 194ms (next.js: 5ms, application-code: 189ms)
 GET /pages/pricing 200 in 177ms (next.js: 1856µs, application-code: 175ms)
 GET /pages/pricing 200 in 152ms (next.js: 9ms, application-code: 142ms)
 GET /pages/pricing 200 in 109ms (next.js: 10ms, application-code: 99ms)
✓ Compiled in 272ms
✓ Compiled in 241ms
 GET /pages/pricing 200 in 191ms (next.js: 59ms, application-code: 132ms)
 GET /pages/pricing 200 in 75ms (next.js: 2ms, application-code: 73ms)
 GET /scorecard-demo 200 in 1027ms (next.js: 954ms, application-code: 73ms)
 GET /pages/pricing 200 in 156ms (next.js: 5ms, application-code: 151ms)
 GET / 307 in 79ms (next.js: 13ms, application-code: 66ms)
 GET /dashboard 200 in 105ms (next.js: 9ms, application-code: 96ms)
✓ Compiled in 125ms
✓ Compiled in 82ms
✓ Compiled in 83ms
[browser] Uncaught ReferenceError: LAST is not defined
    at ScoreCard (src/components/ScoreCard.tsx:122:38)
    at Set.forEach (<anonymous>)
    at <unknown> (src/app/(app)/pages/[id]/page.tsx:395:32)
    at Array.map (<anonymous>)
    at OverviewTab (src/app/(app)/pages/[id]/page.tsx:395:32)
    at PageDetail (src/app/(app)/pages/[id]/page.tsx:217:74)
  120 |   const uid = useId();
  121 |   const [hoverIndex, setHoverIndex] = useState<number | null>(null);
> 122 |   const idx = shownIndex(hoverIndex, LAST);
      |                                      ^
  123 |
  124 |   const metricSize = Math.min(72, Math.max(48, cardWidth * 0.15));
  125 |   const bounds = useMemo(() => domain([...data.desktop, ...data.mobile]), [data.desktop, ...
⚠ Fast Refresh had to perform a full reload due to a runtime error.
✓ Compiled in 74ms
[browser] Uncaught ReferenceError: LAST is not defined
    at ScoreCard (src/components/ScoreCard.tsx:276:42)
    at Set.forEach (<anonymous>)
    at <unknown> (src/app/(app)/pages/[id]/page.tsx:350:99)
    at Array.map (<anonymous>)
    at OverviewTab (src/app/(app)/pages/[id]/page.tsx:350:99)
    at PageDetail (src/app/(app)/pages/[id]/page.tsx:208:75)
  274 |             opacity: 0.35,
  275 |             display: hoverIndex === null ? "none" : "block",
> 276 |             left: `${(hoverIndex ?? 0) / LAST * 100}%`,
      |                                          ^
  277 |             pointerEvents: "none",
  278 |           }}
  279 |         />
⨯ ReferenceError: LAST is not defined
    at ScoreCard (src/components/ScoreCard.tsx:276:42)
  274 |             opacity: 0.35,
  275 |             display: hoverIndex === null ? "none" : "block",
> 276 |             left: `${(hoverIndex ?? 0) / LAST * 100}%`,
      |                                          ^
  277 |             pointerEvents: "none",
  278 |           }}
  279 |         /> {
  digest: '1136116499'
}
 GET /pages/pricing 500 in 209ms (next.js: 8ms, application-code: 201ms)
[browser] Uncaught ReferenceError: LAST is not defined
    at ScoreCard (src/components/ScoreCard.tsx:276:42)
    at <unknown> (src/app/(app)/pages/[id]/page.tsx:395:11)
    at Array.map (<anonymous>)
    at OverviewTab (src/app/(app)/pages/[id]/page.tsx:394:21)
    at PageDetail (src/app/(app)/pages/[id]/page.tsx:217:36)
  274 |             opacity: 0.35,
  275 |             display: hoverIndex === null ? "none" : "block",
> 276 |             left: `${(hoverIndex ?? 0) / LAST * 100}%`,
      |                                          ^
  277 |             pointerEvents: "none",
  278 |           }}
  279 |         />
⚠ Fast Refresh had to perform a full reload due to a runtime error.
✓ Compiled in 80ms
 GET /pages/pricing 200 in 97ms (next.js: 4ms, application-code: 93ms)
✓ Compiled in 69ms
✓ Compiled in 89ms
✓ Compiled in 68ms
 GET / 307 in 76ms (next.js: 3ms, application-code: 73ms)
 GET /dashboard 200 in 84ms (next.js: 3ms, application-code: 81ms)
✓ Compiled in 203ms
✓ Compiled in 82ms
 GET /scorecard-demo 200 in 53ms (next.js: 8ms, application-code: 44ms)
 GET /scorecard-demo 200 in 33ms (next.js: 4ms, application-code: 29ms)
 GET / 307 in 50ms (next.js: 3ms, application-code: 47ms)
 GET /dashboard 200 in 82ms (next.js: 3ms, application-code: 79ms)
 GET / 307 in 123ms (next.js: 40ms, application-code: 83ms)
 GET /dashboard 200 in 85ms (next.js: 4ms, application-code: 81ms)
 GET / 307 in 81ms (next.js: 9ms, application-code: 72ms)
 GET /dashboard 200 in 98ms (next.js: 3ms, application-code: 95ms)
 GET / 307 in 83ms (next.js: 20ms, application-code: 62ms)
 GET /dashboard 200 in 98ms (next.js: 8ms, application-code: 91ms)
 GET / 307 in 74ms (next.js: 10ms, application-code: 63ms)
 GET /dashboard 200 in 108ms (next.js: 3ms, application-code: 105ms)
✓ Compiled in 265ms
✓ Compiled in 112ms
 GET /scorecard-demo 200 in 83ms (next.js: 15ms, application-code: 68ms)
 GET / 307 in 47ms (next.js: 17ms, application-code: 30ms)
 GET /dashboard 200 in 76ms (next.js: 4ms, application-code: 72ms)
 GET /pages/pricing 200 in 127ms (next.js: 22ms, application-code: 106ms)
 GET /pages 200 in 26ms (next.js: 12ms, application-code: 14ms)
 GET /pages/pricing 200 in 24ms (next.js: 6ms, application-code: 17ms)
