
> fde-page-watcher@0.1.0 dev
> next dev

▲ Next.js 16.2.10 (Turbopack)
- Local:         http://localhost:3000
- Network:       http://192.168.1.169:3000
✓ Ready in 338ms

 GET / 307 in 367ms (next.js: 103ms, application-code: 264ms)
 GET /dashboard 200 in 175ms (next.js: 20ms, application-code: 155ms)
✓ Compiled in 109ms
 GET / 307 in 54ms (next.js: 4ms, application-code: 50ms)
 GET /dashboard 200 in 62ms (next.js: 3ms, application-code: 59ms)
 GET / 307 in 362ms (next.js: 110ms, application-code: 252ms)
 GET /dashboard 200 in 147ms (next.js: 8ms, application-code: 140ms)
 GET / 307 in 59ms (next.js: 13ms, application-code: 45ms)
 GET /dashboard 200 in 47ms (next.js: 3ms, application-code: 44ms)
 GET /dashboard 200 in 181ms (next.js: 64ms, application-code: 116ms)
 GET /dashboard 200 in 77ms (next.js: 1641µs, application-code: 75ms)
 GET /dashboard 200 in 43ms (next.js: 7ms, application-code: 35ms)
✓ Compiled in 376ms
⚠ Fast Refresh had to perform a full reload when ./src/lib/nativeElements.ts changed. Read more: https://nextjs.org/docs/messages/fast-refresh-reload
 GET /dashboard 200 in 326ms (next.js: 87ms, application-code: 239ms)
 GET /dashboard 200 in 40ms (next.js: 8ms, application-code: 32ms)
 GET /dashboard 200 in 161ms (next.js: 1324µs, application-code: 160ms)
 GET /dashboard 200 in 359ms (next.js: 54ms, application-code: 306ms)
 GET / 307 in 56ms (next.js: 10ms, application-code: 46ms)
 GET /dashboard 200 in 58ms (next.js: 3ms, application-code: 55ms)
 GET / 307 in 44ms (next.js: 3ms, application-code: 41ms)
 GET /dashboard 200 in 46ms (next.js: 2ms, application-code: 44ms)
 GET / 307 in 174ms (next.js: 28ms, application-code: 146ms)
 GET /dashboard 200 in 83ms (next.js: 7ms, application-code: 76ms)
 GET / 307 in 66ms (next.js: 8ms, application-code: 58ms)
 GET /dashboard 200 in 54ms (next.js: 3ms, application-code: 51ms)
 GET / 307 in 85ms (next.js: 22ms, application-code: 63ms)
 GET /dashboard 200 in 59ms (next.js: 6ms, application-code: 53ms)
 GET / 307 in 46ms (next.js: 3ms, application-code: 43ms)
 GET /dashboard 200 in 56ms (next.js: 3ms, application-code: 53ms)
 GET / 307 in 61ms (next.js: 6ms, application-code: 55ms)
 GET /dashboard 200 in 54ms (next.js: 3ms, application-code: 51ms)
 GET / 307 in 48ms (next.js: 4ms, application-code: 44ms)
 GET /dashboard 200 in 49ms (next.js: 3ms, application-code: 46ms)
 GET / 307 in 79ms (next.js: 11ms, application-code: 69ms)
 GET /dashboard 200 in 62ms (next.js: 3ms, application-code: 58ms)
 GET / 307 in 66ms (next.js: 7ms, application-code: 59ms)
 GET /dashboard 200 in 56ms (next.js: 3ms, application-code: 53ms)
 GET / 307 in 68ms (next.js: 8ms, application-code: 60ms)
 GET /dashboard 200 in 61ms (next.js: 3ms, application-code: 58ms)
 GET / 307 in 70ms (next.js: 14ms, application-code: 56ms)
 GET /dashboard 200 in 64ms (next.js: 7ms, application-code: 57ms)
 GET / 307 in 71ms (next.js: 14ms, application-code: 56ms)
 GET /dashboard 200 in 80ms (next.js: 9ms, application-code: 71ms)
[?25h
